In file included from /usr/include/c++/15.1.1/bits/stl_algobase.h:71,
                 from /usr/include/c++/15.1.1/algorithm:62,
                 from towers1.cpp:1:
/usr/include/c++/15.1.1/bits/predefined_ops.h: In instantiation of ‘bool __gnu_cxx::__ops::_Val_less_iter::operator()(_Value&, _Iterator) const [with _Value = const int; _Iterator = std::_Rb_tree_iterator<std::pair<const int, int> >]’:
/usr/include/c++/15.1.1/bits/stl_algo.h:1994:14:   required from ‘_ForwardIterator std::__upper_bound(_ForwardIterator, _ForwardIterator, const _Tp&, _Compare) [with _ForwardIterator = _Rb_tree_iterator<pair<const int, int> >; _Tp = int; _Compare = __gnu_cxx::__ops::_Val_less_iter]’
 1994 |           if (__comp(__val, __middle))
      |               ~~~~~~^~~~~~~~~~~~~~~~~
/usr/include/c++/15.1.1/bits/stl_algo.h:2029:32:   required from ‘_FIter std::upper_bound(_FIter, _FIter, const _Tp&) [with _FIter = _Rb_tree_iterator<pair<const int, int> >; _Tp = int]’
 2029 |       return std::__upper_bound(__first, __last, __val,
      |              ~~~~~~~~~~~~~~~~~~^~~~~~~~~~~~~~~~~~~~~~~~
 2030 |                                 __gnu_cxx::__ops::__val_less_iter());
      |                                 ~~~~~~~~~~~~~~~~~~~~~~~~~~~~~~~~~~~~
towers1.cpp:67:33:   required from here
   67 |     const auto itr = upper_bound(towers.begin(), towers.end(), pos);
      |                      ~~~~~~~~~~~^~~~~~~~~~~~~~~~~~~~~~~~~~~~~~~~~~~
/usr/include/c++/15.1.1/bits/predefined_ops.h:98:22: error: no match for ‘operator<’ (operand types are ‘const int’ and ‘std::pair<const int, int>’)
   98 |       { return __val < *__it; }
      |                ~~~~~~^~~~~~~
/usr/include/c++/15.1.1/bits/predefined_ops.h:98:22: note: there are 19 candidates
In file included from /usr/include/c++/15.1.1/bits/stl_algobase.h:67:
/usr/include/c++/15.1.1/bits/stl_iterator.h:1253:5: note: candidate 1: ‘template<class _IteratorL, class _IteratorR, class _Container> constexpr bool __gnu_cxx::operator<(const __normal_iterator<_IteratorL, _Container>&, const __normal_iterator<_IteratorR, _Container>&)’
 1253 |     operator<(const __normal_iterator<_IteratorL, _Container>& __lhs,
      |     ^~~~~~~~
/usr/include/c++/15.1.1/bits/stl_iterator.h:1253:5: note: template argument deduction/substitution failed:
/usr/include/c++/15.1.1/bits/predefined_ops.h:98:22: note:   mismatched types ‘const __gnu_cxx::__normal_iterator<_IteratorL, _Container>’ and ‘const int’
   98 |       { return __val < *__it; }
      |                ~~~~~~^~~~~~~
/usr/include/c++/15.1.1/bits/stl_iterator.h:1261:5: note: candidate 2: ‘template<class _Iterator, class _Container> bool __gnu_cxx::operator<(const __normal_iterator<_Iterator, _Container>&, const __normal_iterator<_Iterator, _Container>&)’
 1261 |     operator<(const __normal_iterator<_Iterator, _Container>& __lhs,
      |     ^~~~~~~~
/usr/include/c++/15.1.1/bits/stl_iterator.h:1261:5: note: template argument deduction/substitution failed:
/usr/include/c++/15.1.1/bits/predefined_ops.h:98:22: note:   mismatched types ‘const __gnu_cxx::__normal_iterator<_Iterator, _Container>’ and ‘const int’
   98 |       { return __val < *__it; }
      |                ~~~~~~^~~~~~~
In file included from /usr/include/c++/15.1.1/bits/stl_algobase.h:64:
/usr/include/c++/15.1.1/bits/stl_pair.h:1073:5: note: candidate 3: ‘template<class _T1, class _T2> constexpr bool std::operator<(const pair<_T1, _T2>&, const pair<_T1, _T2>&)’
 1073 |     operator<(const pair<_T1, _T2>& __x, const pair<_T1, _T2>& __y)
      |     ^~~~~~~~
/usr/include/c++/15.1.1/bits/stl_pair.h:1073:5: note: template argument deduction/substitution failed:
/usr/include/c++/15.1.1/bits/predefined_ops.h:98:22: note:   mismatched types ‘const std::pair<_T1, _T2>’ and ‘const int’
   98 |       { return __val < *__it; }
      |                ~~~~~~^~~~~~~
/usr/include/c++/15.1.1/bits/stl_iterator.h:450:5: note: candidate 4: ‘template<class _Iterator> constexpr bool std::operator<(const reverse_iterator<_Iterator>&, const reverse_iterator<_Iterator>&)’
  450 |     operator<(const reverse_iterator<_Iterator>& __x,
      |     ^~~~~~~~
/usr/include/c++/15.1.1/bits/stl_iterator.h:450:5: note: template argument deduction/substitution failed:
/usr/include/c++/15.1.1/bits/predefined_ops.h:98:22: note:   mismatched types ‘const std::reverse_iterator<_Iterator>’ and ‘const int’
   98 |       { return __val < *__it; }
      |                ~~~~~~^~~~~~~
/usr/include/c++/15.1.1/bits/stl_iterator.h:495:5: note: candidate 5: ‘template<class _IteratorL, class _IteratorR> constexpr bool std::operator<(const reverse_iterator<_Iterator>&, const reverse_iterator<_IteratorR>&)’
  495 |     operator<(const reverse_iterator<_IteratorL>& __x,
      |     ^~~~~~~~
/usr/include/c++/15.1.1/bits/stl_iterator.h:495:5: note: template argument deduction/substitution failed:
/usr/include/c++/15.1.1/bits/predefined_ops.h:98:22: note:   mismatched types ‘const std::reverse_iterator<_Iterator>’ and ‘const int’
   98 |       { return __val < *__it; }
      |                ~~~~~~^~~~~~~
/usr/include/c++/15.1.1/bits/stl_iterator.h:1689:5: note: candidate 6: ‘template<class _IteratorL, class _IteratorR> constexpr bool std::operator<(const move_iterator<_IteratorL>&, const move_iterator<_IteratorR>&)’
 1689 |     operator<(const move_iterator<_IteratorL>& __x,
      |     ^~~~~~~~
/usr/include/c++/15.1.1/bits/stl_iterator.h:1689:5: note: template argument deduction/substitution failed:
/usr/include/c++/15.1.1/bits/predefined_ops.h:98:22: note:   mismatched types ‘const std::move_iterator<_IteratorL>’ and ‘const int’
   98 |       { return __val < *__it; }
      |                ~~~~~~^~~~~~~
/usr/include/c++/15.1.1/bits/stl_iterator.h:1755:5: note: candidate 7: ‘template<class _Iterator> constexpr bool std::operator<(const move_iterator<_IteratorL>&, const move_iterator<_IteratorL>&)’
 1755 |     operator<(const move_iterator<_Iterator>& __x,
      |     ^~~~~~~~
/usr/include/c++/15.1.1/bits/stl_iterator.h:1755:5: note: template argument deduction/substitution failed:
/usr/include/c++/15.1.1/bits/predefined_ops.h:98:22: note:   mismatched types ‘const std::move_iterator<_IteratorL>’ and ‘const int’
   98 |       { return __val < *__it; }
      |                ~~~~~~^~~~~~~
In file included from /usr/include/c++/15.1.1/bits/basic_string.h:51,
                 from /usr/include/c++/15.1.1/string:56,
                 from /usr/include/c++/15.1.1/bits/locale_classes.h:42,
                 from /usr/include/c++/15.1.1/bits/ios_base.h:43,
                 from /usr/include/c++/15.1.1/ios:46,
                 from /usr/include/c++/15.1.1/bits/ostream.h:43,
                 from /usr/include/c++/15.1.1/ostream:42,
                 from /usr/include/c++/15.1.1/iostream:43,
                 from towers1.cpp:2:
/usr/include/c++/15.1.1/string_view:677:5: note: candidate 8: ‘template<class _CharT, class _Traits> constexpr bool std::operator<(basic_string_view<_CharT, _Traits>, basic_string_view<_CharT, _Traits>)’
  677 |     operator< (basic_string_view<_CharT, _Traits> __x,
      |     ^~~~~~~~
/usr/include/c++/15.1.1/string_view:677:5: note: template argument deduction/substitution failed:
/usr/include/c++/15.1.1/bits/predefined_ops.h:98:22: note:   mismatched types ‘std::basic_string_view<_CharT, _Traits>’ and ‘int’
   98 |       { return __val < *__it; }
      |                ~~~~~~^~~~~~~
/usr/include/c++/15.1.1/string_view:684:5: note: candidate 9: ‘template<class _CharT, class _Traits> constexpr bool std::operator<(basic_string_view<_CharT, _Traits>, __type_identity_t<basic_string_view<_CharT, _Traits> >)’
  684 |     operator< (basic_string_view<_CharT, _Traits> __x,
      |     ^~~~~~~~
/usr/include/c++/15.1.1/string_view:684:5: note: template argument deduction/substitution failed:
/usr/include/c++/15.1.1/bits/predefined_ops.h:98:22: note:   mismatched types ‘std::basic_string_view<_CharT, _Traits>’ and ‘int’
   98 |       { return __val < *__it; }
      |                ~~~~~~^~~~~~~
/usr/include/c++/15.1.1/string_view:692:5: note: candidate 10: ‘template<class _CharT, class _Traits> constexpr bool std::operator<(__type_identity_t<basic_string_view<_CharT, _Traits> >, basic_string_view<_CharT, _Traits>)’
  692 |     operator< (__type_identity_t<basic_string_view<_CharT, _Traits>> __x,
      |     ^~~~~~~~
/usr/include/c++/15.1.1/string_view:692:5: note: template argument deduction/substitution failed:
/usr/include/c++/15.1.1/bits/predefined_ops.h:98:22: note:   ‘std::pair<const int, int>’ is not derived from ‘std::basic_string_view<_CharT, _Traits>’
   98 |       { return __val < *__it; }
      |                ~~~~~~^~~~~~~
/usr/include/c++/15.1.1/bits/basic_string.h:4164:5: note: candidate 11: ‘template<class _CharT, class _Traits, class _Alloc> bool std::operator<(const __cxx11::basic_string<_CharT, _Traits, _Alloc>&, const __cxx11::basic_string<_CharT, _Traits, _Alloc>&)’
 4164 |     operator<(const basic_string<_CharT, _Traits, _Alloc>& __lhs,
      |     ^~~~~~~~
/usr/include/c++/15.1.1/bits/basic_string.h:4164:5: note: template argument deduction/substitution failed:
/usr/include/c++/15.1.1/bits/predefined_ops.h:98:22: note:   mismatched types ‘const std::__cxx11::basic_string<_CharT, _Traits, _Alloc>’ and ‘const int’
   98 |       { return __val < *__it; }
      |                ~~~~~~^~~~~~~
/usr/include/c++/15.1.1/bits/basic_string.h:4178:5: note: candidate 12: ‘template<class _CharT, class _Traits, class _Alloc> bool std::operator<(const __cxx11::basic_string<_CharT, _Traits, _Alloc>&, const _CharT*)’
 4178 |     operator<(const basic_string<_CharT, _Traits, _Alloc>& __lhs,
      |     ^~~~~~~~
/usr/include/c++/15.1.1/bits/basic_string.h:4178:5: note: template argument deduction/substitution failed:
/usr/include/c++/15.1.1/bits/predefined_ops.h:98:22: note:   mismatched types ‘const std::__cxx11::basic_string<_CharT, _Traits, _Alloc>’ and ‘const int’
   98 |       { return __val < *__it; }
      |                ~~~~~~^~~~~~~
/usr/include/c++/15.1.1/bits/basic_string.h:4191:5: note: candidate 13: ‘template<class _CharT, class _Traits, class _Alloc> bool std::operator<(const _CharT*, const __cxx11::basic_string<_CharT, _Traits, _Alloc>&)’
 4191 |     operator<(const _CharT* __lhs,
      |     ^~~~~~~~
/usr/include/c++/15.1.1/bits/basic_string.h:4191:5: note: template argument deduction/substitution failed:
/usr/include/c++/15.1.1/bits/predefined_ops.h:98:22: note:   mismatched types ‘const _CharT*’ and ‘int’
   98 |       { return __val < *__it; }
      |                ~~~~~~^~~~~~~
In file included from /usr/include/c++/15.1.1/bits/memory_resource.h:49,
                 from /usr/include/c++/15.1.1/string:72:
/usr/include/c++/15.1.1/tuple:2624:5: note: candidate 14: ‘template<class ... _TElements, class ... _UElements> constexpr bool std::operator<(const tuple<_Elements ...>&, const tuple<_Elements ...>&)’
 2624 |     operator<(const tuple<_TElements...>& __t,
      |     ^~~~~~~~
/usr/include/c++/15.1.1/tuple:2624:5: note: template argument deduction/substitution failed:
/usr/include/c++/15.1.1/bits/predefined_ops.h:98:22: note:   mismatched types ‘const std::tuple<_Elements ...>’ and ‘const int’
   98 |       { return __val < *__it; }
      |                ~~~~~~^~~~~~~
In file included from /usr/include/c++/15.1.1/map:65,
                 from towers1.cpp:3:
/usr/include/c++/15.1.1/bits/stl_map.h:1609:5: note: candidate 15: ‘template<class _Key, class _Tp, class _Compare, class _Alloc> bool std::operator<(const map<_Key, _Tp, _Compare, _Allocator>&, const map<_Key, _Tp, _Compare, _Allocator>&)’
 1609 |     operator<(const map<_Key, _Tp, _Compare, _Alloc>& __x,
      |     ^~~~~~~~
/usr/include/c++/15.1.1/bits/stl_map.h:1609:5: note: template argument deduction/substitution failed:
/usr/include/c++/15.1.1/bits/predefined_ops.h:98:22: note:   mismatched types ‘const std::map<_Key, _Tp, _Compare, _Allocator>’ and ‘const int’
   98 |       { return __val < *__it; }
      |                ~~~~~~^~~~~~~
In file included from /usr/include/c++/15.1.1/map:66:
/usr/include/c++/15.1.1/bits/stl_multimap.h:1232:5: note: candidate 16: ‘template<class _Key, class _Tp, class _Compare, class _Alloc> bool std::operator<(const multimap<_Key, _Tp, _Compare, _Allocator>&, const multimap<_Key, _Tp, _Compare, _Allocator>&)’
 1232 |     operator<(const multimap<_Key, _Tp, _Compare, _Alloc>& __x,
      |     ^~~~~~~~
/usr/include/c++/15.1.1/bits/stl_multimap.h:1232:5: note: template argument deduction/substitution failed:
/usr/include/c++/15.1.1/bits/predefined_ops.h:98:22: note:   mismatched types ‘const std::multimap<_Key, _Tp, _Compare, _Allocator>’ and ‘const int’
   98 |       { return __val < *__it; }
      |                ~~~~~~^~~~~~~
In file included from /usr/include/c++/15.1.1/vector:68,
                 from towers1.cpp:4:
/usr/include/c++/15.1.1/bits/stl_vector.h:2376:5: note: candidate 17: ‘template<class _Tp, class _Alloc> bool std::operator<(const vector<_Tp, _Alloc>&, const vector<_Tp, _Alloc>&)’
 2376 |     operator<(const vector<_Tp, _Alloc>& __x, const vector<_Tp, _Alloc>& __y)
      |     ^~~~~~~~
/usr/include/c++/15.1.1/bits/stl_vector.h:2376:5: note: template argument deduction/substitution failed:
/usr/include/c++/15.1.1/bits/predefined_ops.h:98:22: note:   mismatched types ‘const std::vector<_Tp, _Alloc>’ and ‘const int’
   98 |       { return __val < *__it; }
      |                ~~~~~~^~~~~~~
In file included from /usr/include/c++/15.1.1/bits/ios_base.h:48:
/usr/include/c++/15.1.1/system_error:326:3: note: candidate 18: ‘bool std::operator<(const error_code&, const error_code&)’
  326 |   operator<(const error_code& __lhs, const error_code& __rhs) noexcept
      |   ^~~~~~~~
/usr/include/c++/15.1.1/system_error:326:31: note: no known conversion for argument 1 from ‘const int’ to ‘const std::error_code&’
  326 |   operator<(const error_code& __lhs, const error_code& __rhs) noexcept
      |             ~~~~~~~~~~~~~~~~~~^~~~~
/usr/include/c++/15.1.1/system_error:509:3: note: candidate 19: ‘bool std::operator<(const error_condition&, const error_condition&)’
  509 |   operator<(const error_condition& __lhs,
      |   ^~~~~~~~
/usr/include/c++/15.1.1/system_error:509:36: note: no known conversion for argument 1 from ‘const int’ to ‘const std::error_condition&’
  509 |   operator<(const error_condition& __lhs,
      |             ~~~~~~~~~~~~~~~~~~~~~~~^~~~~
